<!doctype html public "-//w3c//dtd html 4.0 transitional//en">
<html><head>
<title>Static Call Graph - [.\obj\fmc_ld_main.axf]</title></head>
<body><HR>
<H1>Static Call Graph for image .\obj\fmc_ld_main.axf</H1><HR>
<BR><P>#&#060CALLGRAPH&#062# ARM Linker, 6120001: Last Updated: Mon Jun  8 15:29:21 2020
<BR><P>
<H3>Maximum Stack Usage =         64 bytes + Unknown(Cycles, Untraceable Function Pointers)</H3><H3>
Call chain for Maximum Stack Depth:</H3>
main &rArr; CLK_SetHCLK &rArr; SystemCoreClockUpdate
<P>
<H3>
Mutually Recursive functions
</H3> <LI><a href="#[1]">NMI_Handler</a>&nbsp;&nbsp;&nbsp;&rArr;&nbsp;&nbsp;&nbsp;<a href="#[1]">NMI_Handler</a><BR>
 <LI><a href="#[5]">SVC_Handler</a>&nbsp;&nbsp;&nbsp;&rArr;&nbsp;&nbsp;&nbsp;<a href="#[5]">SVC_Handler</a><BR>
 <LI><a href="#[6]">PendSV_Handler</a>&nbsp;&nbsp;&nbsp;&rArr;&nbsp;&nbsp;&nbsp;<a href="#[6]">PendSV_Handler</a><BR>
 <LI><a href="#[7]">SysTick_Handler</a>&nbsp;&nbsp;&nbsp;&rArr;&nbsp;&nbsp;&nbsp;<a href="#[7]">SysTick_Handler</a><BR>
 <LI><a href="#[33]">ACMP01_IRQHandler</a>&nbsp;&nbsp;&nbsp;&rArr;&nbsp;&nbsp;&nbsp;<a href="#[33]">ACMP01_IRQHandler</a><BR>
</UL>
<P>
<H3>
Function Pointers
</H3><UL>
 <LI><a href="#[33]">ACMP01_IRQHandler</a> from startup_m251.o(.text) referenced from startup_m251.o(RESET)
 <LI><a href="#[8]">BOD_IRQHandler</a> from startup_m251.o(.text) referenced from startup_m251.o(RESET)
 <LI><a href="#[34]">BPWM0_IRQHandler</a> from startup_m251.o(.text) referenced from startup_m251.o(RESET)
 <LI><a href="#[3b]">BPWM1_IRQHandler</a> from startup_m251.o(.text) referenced from startup_m251.o(RESET)
 <LI><a href="#[1f]">BRAKE0_IRQHandler</a> from startup_m251.o(.text) referenced from startup_m251.o(RESET)
 <LI><a href="#[23]">BRAKE1_IRQHandler</a> from startup_m251.o(.text) referenced from startup_m251.o(RESET)
 <LI><a href="#[c]">CLKFAIL_IRQHandler</a> from startup_m251.o(.text) referenced from startup_m251.o(RESET)
 <LI><a href="#[30]">DAC_IRQHandler</a> from startup_m251.o(.text) referenced from startup_m251.o(RESET)
 <LI><a href="#[b]">DEFAULT_IRQHandler</a> from startup_m251.o(.text) referenced 9 times from startup_m251.o(RESET)
 <LI><a href="#[31]">EADC_INT0_IRQHandler</a> from startup_m251.o(.text) referenced from startup_m251.o(RESET)
 <LI><a href="#[32]">EADC_INT1_IRQHandler</a> from startup_m251.o(.text) referenced from startup_m251.o(RESET)
 <LI><a href="#[35]">EADC_INT2_IRQHandler</a> from startup_m251.o(.text) referenced from startup_m251.o(RESET)
 <LI><a href="#[36]">EADC_INT3_IRQHandler</a> from startup_m251.o(.text) referenced from startup_m251.o(RESET)
 <LI><a href="#[11]">EINT0_IRQHandler</a> from startup_m251.o(.text) referenced from startup_m251.o(RESET)
 <LI><a href="#[12]">EINT1_IRQHandler</a> from startup_m251.o(.text) referenced from startup_m251.o(RESET)
 <LI><a href="#[13]">EINT2_IRQHandler</a> from startup_m251.o(.text) referenced from startup_m251.o(RESET)
 <LI><a href="#[14]">EINT3_IRQHandler</a> from startup_m251.o(.text) referenced from startup_m251.o(RESET)
 <LI><a href="#[15]">EINT4_IRQHandler</a> from startup_m251.o(.text) referenced from startup_m251.o(RESET)
 <LI><a href="#[16]">EINT5_IRQHandler</a> from startup_m251.o(.text) referenced from startup_m251.o(RESET)
 <LI><a href="#[17]">GPA_IRQHandler</a> from startup_m251.o(.text) referenced from startup_m251.o(RESET)
 <LI><a href="#[18]">GPB_IRQHandler</a> from startup_m251.o(.text) referenced from startup_m251.o(RESET)
 <LI><a href="#[19]">GPC_IRQHandler</a> from startup_m251.o(.text) referenced from startup_m251.o(RESET)
 <LI><a href="#[1a]">GPD_IRQHandler</a> from startup_m251.o(.text) referenced from startup_m251.o(RESET)
 <LI><a href="#[1b]">GPE_IRQHandler</a> from startup_m251.o(.text) referenced from startup_m251.o(RESET)
 <LI><a href="#[1c]">GPF_IRQHandler</a> from startup_m251.o(.text) referenced from startup_m251.o(RESET)
 <LI><a href="#[4]">GetChar</a> from retarget.o(.text.GetChar) referenced from startup_m251.o(RESET)
 <LI><a href="#[2]">HardFault_Handler</a> from startup_m251.o(.text) referenced from startup_m251.o(RESET)
 <LI><a href="#[2d]">I2C0_IRQHandler</a> from startup_m251.o(.text) referenced from startup_m251.o(RESET)
 <LI><a href="#[2e]">I2C1_IRQHandler</a> from startup_m251.o(.text) referenced from startup_m251.o(RESET)
 <LI><a href="#[9]">IRCTRIM_IRQHandler</a> from startup_m251.o(.text) referenced from startup_m251.o(RESET)
 <LI><a href="#[1]">NMI_Handler</a> from startup_m251.o(.text) referenced from startup_m251.o(RESET)
 <LI><a href="#[3f]">OPA_IRQHandler</a> from startup_m251.o(.text) referenced from startup_m251.o(RESET)
 <LI><a href="#[2f]">PDMA_IRQHandler</a> from startup_m251.o(.text) referenced from startup_m251.o(RESET)
 <LI><a href="#[3c]">PSIO_IRQHandler</a> from startup_m251.o(.text) referenced from startup_m251.o(RESET)
 <LI><a href="#[20]">PWM0_P0_IRQHandler</a> from startup_m251.o(.text) referenced from startup_m251.o(RESET)
 <LI><a href="#[21]">PWM0_P1_IRQHandler</a> from startup_m251.o(.text) referenced from startup_m251.o(RESET)
 <LI><a href="#[22]">PWM0_P2_IRQHandler</a> from startup_m251.o(.text) referenced from startup_m251.o(RESET)
 <LI><a href="#[24]">PWM1_P0_IRQHandler</a> from startup_m251.o(.text) referenced from startup_m251.o(RESET)
 <LI><a href="#[25]">PWM1_P1_IRQHandler</a> from startup_m251.o(.text) referenced from startup_m251.o(RESET)
 <LI><a href="#[26]">PWM1_P2_IRQHandler</a> from startup_m251.o(.text) referenced from startup_m251.o(RESET)
 <LI><a href="#[a]">PWRWU_IRQHandler</a> from startup_m251.o(.text) referenced from startup_m251.o(RESET)
 <LI><a href="#[6]">PendSV_Handler</a> from startup_m251.o(.text) referenced from startup_m251.o(RESET)
 <LI><a href="#[43]">ProcessHardFault</a> from retarget.o(.text.ProcessHardFault) referenced from startup_m251.o(.text)
 <LI><a href="#[1d]">QSPI0_IRQHandler</a> from startup_m251.o(.text) referenced from startup_m251.o(RESET)
 <LI><a href="#[d]">RTC_IRQHandler</a> from startup_m251.o(.text) referenced from startup_m251.o(RESET)
 <LI><a href="#[0]">Reset_Handler</a> from startup_m251.o(.text) referenced from startup_m251.o(RESET)
 <LI><a href="#[3d]">SC0_IRQHandler</a> from startup_m251.o(.text) referenced from startup_m251.o(RESET)
 <LI><a href="#[44]">SH_Return</a> from retarget.o(.text.SH_Return) referenced from startup_m251.o(.text)
 <LI><a href="#[1e]">SPI0_IRQHandler</a> from startup_m251.o(.text) referenced from startup_m251.o(RESET)
 <LI><a href="#[5]">SVC_Handler</a> from startup_m251.o(.text) referenced from startup_m251.o(RESET)
 <LI><a href="#[3]">SendChar_ToUART</a> from retarget.o(.text.SendChar_ToUART) referenced from startup_m251.o(RESET)
 <LI><a href="#[7]">SysTick_Handler</a> from startup_m251.o(.text) referenced from startup_m251.o(RESET)
 <LI><a href="#[41]">SystemInit</a> from system_m251.o(.text.SystemInit) referenced from startup_m251.o(.text)
 <LI><a href="#[e]">TAMPER_IRQHandler</a> from startup_m251.o(.text) referenced from startup_m251.o(RESET)
 <LI><a href="#[27]">TMR0_IRQHandler</a> from startup_m251.o(.text) referenced from startup_m251.o(RESET)
 <LI><a href="#[28]">TMR1_IRQHandler</a> from startup_m251.o(.text) referenced from startup_m251.o(RESET)
 <LI><a href="#[29]">TMR2_IRQHandler</a> from startup_m251.o(.text) referenced from startup_m251.o(RESET)
 <LI><a href="#[2a]">TMR3_IRQHandler</a> from startup_m251.o(.text) referenced from startup_m251.o(RESET)
 <LI><a href="#[2b]">UART0_IRQHandler</a> from startup_m251.o(.text) referenced from startup_m251.o(RESET)
 <LI><a href="#[2c]">UART1_IRQHandler</a> from startup_m251.o(.text) referenced from startup_m251.o(RESET)
 <LI><a href="#[37]">UART2_IRQHandler</a> from startup_m251.o(.text) referenced from startup_m251.o(RESET)
 <LI><a href="#[3a]">USBD_IRQHandler</a> from startup_m251.o(.text) referenced from startup_m251.o(RESET)
 <LI><a href="#[38]">USCI0_IRQHandler</a> from startup_m251.o(.text) referenced from startup_m251.o(RESET)
 <LI><a href="#[39]">USCI1_IRQHandler</a> from startup_m251.o(.text) referenced from startup_m251.o(RESET)
 <LI><a href="#[3e]">USCI2_IRQHandler</a> from startup_m251.o(.text) referenced from startup_m251.o(RESET)
 <LI><a href="#[f]">WDT_IRQHandler</a> from startup_m251.o(.text) referenced from startup_m251.o(RESET)
 <LI><a href="#[10]">WWDT_IRQHandler</a> from startup_m251.o(.text) referenced from startup_m251.o(RESET)
 <LI><a href="#[42]">__main</a> from entry.o(.ARM.Collect$$$$00000000) referenced from startup_m251.o(.text)
 <LI><a href="#[40]">main</a> from ldrom_iap.o(.text.main) referenced from entry9a.o(.ARM.Collect$$$$0000000B)
</UL>
<P>
<H3>
Global Symbols
</H3>
<P><STRONG><a name="[42]"></a>__main</STRONG> (Thumb, 0 bytes, Stack size unknown bytes, entry.o(.ARM.Collect$$$$00000000))
<BR>[Address Reference Count : 1]<UL><LI> startup_m251.o(.text)
</UL>
<P><STRONG><a name="[56]"></a>_main_stk</STRONG> (Thumb, 0 bytes, Stack size unknown bytes, entry2.o(.ARM.Collect$$$$00000001))

<P><STRONG><a name="[47]"></a>_main_scatterload</STRONG> (Thumb, 0 bytes, Stack size unknown bytes, entry5.o(.ARM.Collect$$$$00000004))
<BR><BR>[Calls]<UL><LI><a href="#[48]">&gt;&gt;</a>&nbsp;&nbsp;&nbsp;__scatterload
</UL>

<P><STRONG><a name="[49]"></a>__main_after_scatterload</STRONG> (Thumb, 0 bytes, Stack size unknown bytes, entry5.o(.ARM.Collect$$$$00000004))
<BR><BR>[Called By]<UL><LI><a href="#[48]">&gt;&gt;</a>&nbsp;&nbsp;&nbsp;__scatterload
</UL>

<P><STRONG><a name="[57]"></a>_main_clock</STRONG> (Thumb, 0 bytes, Stack size unknown bytes, entry7b.o(.ARM.Collect$$$$00000008))

<P><STRONG><a name="[58]"></a>_main_cpp_init</STRONG> (Thumb, 0 bytes, Stack size unknown bytes, entry8b.o(.ARM.Collect$$$$0000000A))

<P><STRONG><a name="[59]"></a>_main_init</STRONG> (Thumb, 0 bytes, Stack size unknown bytes, entry9a.o(.ARM.Collect$$$$0000000B))

<P><STRONG><a name="[5a]"></a>__rt_final_cpp</STRONG> (Thumb, 0 bytes, Stack size unknown bytes, entry10a.o(.ARM.Collect$$$$0000000D))

<P><STRONG><a name="[5b]"></a>__rt_final_exit</STRONG> (Thumb, 0 bytes, Stack size unknown bytes, entry11a.o(.ARM.Collect$$$$0000000F))

<P><STRONG><a name="[0]"></a>Reset_Handler</STRONG> (Thumb, 46 bytes, Stack size 0 bytes, startup_m251.o(.text))
<BR>[Address Reference Count : 1]<UL><LI> startup_m251.o(RESET)
</UL>
<P><STRONG><a name="[1]"></a>NMI_Handler</STRONG> (Thumb, 2 bytes, Stack size 0 bytes, startup_m251.o(.text))
<BR><BR>[Calls]<UL><LI><a href="#[1]">&gt;&gt;</a>&nbsp;&nbsp;&nbsp;NMI_Handler
</UL>
<BR>[Called By]<UL><LI><a href="#[1]">&gt;&gt;</a>&nbsp;&nbsp;&nbsp;NMI_Handler
</UL>
<BR>[Address Reference Count : 1]<UL><LI> startup_m251.o(RESET)
</UL>
<P><STRONG><a name="[2]"></a>HardFault_Handler</STRONG> (Thumb, 16 bytes, Stack size 0 bytes, startup_m251.o(.text))
<BR>[Address Reference Count : 1]<UL><LI> startup_m251.o(RESET)
</UL>
<P><STRONG><a name="[5]"></a>SVC_Handler</STRONG> (Thumb, 2 bytes, Stack size 0 bytes, startup_m251.o(.text))
<BR><BR>[Calls]<UL><LI><a href="#[5]">&gt;&gt;</a>&nbsp;&nbsp;&nbsp;SVC_Handler
</UL>
<BR>[Called By]<UL><LI><a href="#[5]">&gt;&gt;</a>&nbsp;&nbsp;&nbsp;SVC_Handler
</UL>
<BR>[Address Reference Count : 1]<UL><LI> startup_m251.o(RESET)
</UL>
<P><STRONG><a name="[6]"></a>PendSV_Handler</STRONG> (Thumb, 2 bytes, Stack size 0 bytes, startup_m251.o(.text))
<BR><BR>[Calls]<UL><LI><a href="#[6]">&gt;&gt;</a>&nbsp;&nbsp;&nbsp;PendSV_Handler
</UL>
<BR>[Called By]<UL><LI><a href="#[6]">&gt;&gt;</a>&nbsp;&nbsp;&nbsp;PendSV_Handler
</UL>
<BR>[Address Reference Count : 1]<UL><LI> startup_m251.o(RESET)
</UL>
<P><STRONG><a name="[7]"></a>SysTick_Handler</STRONG> (Thumb, 2 bytes, Stack size 0 bytes, startup_m251.o(.text))
<BR><BR>[Calls]<UL><LI><a href="#[7]">&gt;&gt;</a>&nbsp;&nbsp;&nbsp;SysTick_Handler
</UL>
<BR>[Called By]<UL><LI><a href="#[7]">&gt;&gt;</a>&nbsp;&nbsp;&nbsp;SysTick_Handler
</UL>
<BR>[Address Reference Count : 1]<UL><LI> startup_m251.o(RESET)
</UL>
<P><STRONG><a name="[33]"></a>ACMP01_IRQHandler</STRONG> (Thumb, 0 bytes, Stack size 0 bytes, startup_m251.o(.text))
<BR><BR>[Calls]<UL><LI><a href="#[33]">&gt;&gt;</a>&nbsp;&nbsp;&nbsp;ACMP01_IRQHandler
</UL>
<BR>[Called By]<UL><LI><a href="#[33]">&gt;&gt;</a>&nbsp;&nbsp;&nbsp;ACMP01_IRQHandler
</UL>
<BR>[Address Reference Count : 1]<UL><LI> startup_m251.o(RESET)
</UL>
<P><STRONG><a name="[8]"></a>BOD_IRQHandler</STRONG> (Thumb, 0 bytes, Stack size 0 bytes, startup_m251.o(.text))
<BR>[Address Reference Count : 1]<UL><LI> startup_m251.o(RESET)
</UL>
<P><STRONG><a name="[34]"></a>BPWM0_IRQHandler</STRONG> (Thumb, 0 bytes, Stack size 0 bytes, startup_m251.o(.text))
<BR>[Address Reference Count : 1]<UL><LI> startup_m251.o(RESET)
</UL>
<P><STRONG><a name="[3b]"></a>BPWM1_IRQHandler</STRONG> (Thumb, 0 bytes, Stack size 0 bytes, startup_m251.o(.text))
<BR>[Address Reference Count : 1]<UL><LI> startup_m251.o(RESET)
</UL>
<P><STRONG><a name="[1f]"></a>BRAKE0_IRQHandler</STRONG> (Thumb, 0 bytes, Stack size 0 bytes, startup_m251.o(.text))
<BR>[Address Reference Count : 1]<UL><LI> startup_m251.o(RESET)
</UL>
<P><STRONG><a name="[23]"></a>BRAKE1_IRQHandler</STRONG> (Thumb, 0 bytes, Stack size 0 bytes, startup_m251.o(.text))
<BR>[Address Reference Count : 1]<UL><LI> startup_m251.o(RESET)
</UL>
<P><STRONG><a name="[c]"></a>CLKFAIL_IRQHandler</STRONG> (Thumb, 0 bytes, Stack size 0 bytes, startup_m251.o(.text))
<BR>[Address Reference Count : 1]<UL><LI> startup_m251.o(RESET)
</UL>
<P><STRONG><a name="[30]"></a>DAC_IRQHandler</STRONG> (Thumb, 0 bytes, Stack size 0 bytes, startup_m251.o(.text))
<BR>[Address Reference Count : 1]<UL><LI> startup_m251.o(RESET)
</UL>
<P><STRONG><a name="[b]"></a>DEFAULT_IRQHandler</STRONG> (Thumb, 0 bytes, Stack size 0 bytes, startup_m251.o(.text))
<BR>[Address Reference Count : 1]<UL><LI> startup_m251.o(RESET)
</UL>
<P><STRONG><a name="[31]"></a>EADC_INT0_IRQHandler</STRONG> (Thumb, 0 bytes, Stack size 0 bytes, startup_m251.o(.text))
<BR>[Address Reference Count : 1]<UL><LI> startup_m251.o(RESET)
</UL>
<P><STRONG><a name="[32]"></a>EADC_INT1_IRQHandler</STRONG> (Thumb, 0 bytes, Stack size 0 bytes, startup_m251.o(.text))
<BR>[Address Reference Count : 1]<UL><LI> startup_m251.o(RESET)
</UL>
<P><STRONG><a name="[35]"></a>EADC_INT2_IRQHandler</STRONG> (Thumb, 0 bytes, Stack size 0 bytes, startup_m251.o(.text))
<BR>[Address Reference Count : 1]<UL><LI> startup_m251.o(RESET)
</UL>
<P><STRONG><a name="[36]"></a>EADC_INT3_IRQHandler</STRONG> (Thumb, 0 bytes, Stack size 0 bytes, startup_m251.o(.text))
<BR>[Address Reference Count : 1]<UL><LI> startup_m251.o(RESET)
</UL>
<P><STRONG><a name="[11]"></a>EINT0_IRQHandler</STRONG> (Thumb, 0 bytes, Stack size 0 bytes, startup_m251.o(.text))
<BR>[Address Reference Count : 1]<UL><LI> startup_m251.o(RESET)
</UL>
<P><STRONG><a name="[12]"></a>EINT1_IRQHandler</STRONG> (Thumb, 0 bytes, Stack size 0 bytes, startup_m251.o(.text))
<BR>[Address Reference Count : 1]<UL><LI> startup_m251.o(RESET)
</UL>
<P><STRONG><a name="[13]"></a>EINT2_IRQHandler</STRONG> (Thumb, 0 bytes, Stack size 0 bytes, startup_m251.o(.text))
<BR>[Address Reference Count : 1]<UL><LI> startup_m251.o(RESET)
</UL>
<P><STRONG><a name="[14]"></a>EINT3_IRQHandler</STRONG> (Thumb, 0 bytes, Stack size 0 bytes, startup_m251.o(.text))
<BR>[Address Reference Count : 1]<UL><LI> startup_m251.o(RESET)
</UL>
<P><STRONG><a name="[15]"></a>EINT4_IRQHandler</STRONG> (Thumb, 0 bytes, Stack size 0 bytes, startup_m251.o(.text))
<BR>[Address Reference Count : 1]<UL><LI> startup_m251.o(RESET)
</UL>
<P><STRONG><a name="[16]"></a>EINT5_IRQHandler</STRONG> (Thumb, 0 bytes, Stack size 0 bytes, startup_m251.o(.text))
<BR>[Address Reference Count : 1]<UL><LI> startup_m251.o(RESET)
</UL>
<P><STRONG><a name="[17]"></a>GPA_IRQHandler</STRONG> (Thumb, 0 bytes, Stack size 0 bytes, startup_m251.o(.text))
<BR>[Address Reference Count : 1]<UL><LI> startup_m251.o(RESET)
</UL>
<P><STRONG><a name="[18]"></a>GPB_IRQHandler</STRONG> (Thumb, 0 bytes, Stack size 0 bytes, startup_m251.o(.text))
<BR>[Address Reference Count : 1]<UL><LI> startup_m251.o(RESET)
</UL>
<P><STRONG><a name="[19]"></a>GPC_IRQHandler</STRONG> (Thumb, 0 bytes, Stack size 0 bytes, startup_m251.o(.text))
<BR>[Address Reference Count : 1]<UL><LI> startup_m251.o(RESET)
</UL>
<P><STRONG><a name="[1a]"></a>GPD_IRQHandler</STRONG> (Thumb, 0 bytes, Stack size 0 bytes, startup_m251.o(.text))
<BR>[Address Reference Count : 1]<UL><LI> startup_m251.o(RESET)
</UL>
<P><STRONG><a name="[1b]"></a>GPE_IRQHandler</STRONG> (Thumb, 0 bytes, Stack size 0 bytes, startup_m251.o(.text))
<BR>[Address Reference Count : 1]<UL><LI> startup_m251.o(RESET)
</UL>
<P><STRONG><a name="[1c]"></a>GPF_IRQHandler</STRONG> (Thumb, 0 bytes, Stack size 0 bytes, startup_m251.o(.text))
<BR>[Address Reference Count : 1]<UL><LI> startup_m251.o(RESET)
</UL>
<P><STRONG><a name="[2d]"></a>I2C0_IRQHandler</STRONG> (Thumb, 0 bytes, Stack size 0 bytes, startup_m251.o(.text))
<BR>[Address Reference Count : 1]<UL><LI> startup_m251.o(RESET)
</UL>
<P><STRONG><a name="[2e]"></a>I2C1_IRQHandler</STRONG> (Thumb, 0 bytes, Stack size 0 bytes, startup_m251.o(.text))
<BR>[Address Reference Count : 1]<UL><LI> startup_m251.o(RESET)
</UL>
<P><STRONG><a name="[9]"></a>IRCTRIM_IRQHandler</STRONG> (Thumb, 0 bytes, Stack size 0 bytes, startup_m251.o(.text))
<BR>[Address Reference Count : 1]<UL><LI> startup_m251.o(RESET)
</UL>
<P><STRONG><a name="[3f]"></a>OPA_IRQHandler</STRONG> (Thumb, 0 bytes, Stack size 0 bytes, startup_m251.o(.text))
<BR>[Address Reference Count : 1]<UL><LI> startup_m251.o(RESET)
</UL>
<P><STRONG><a name="[2f]"></a>PDMA_IRQHandler</STRONG> (Thumb, 0 bytes, Stack size 0 bytes, startup_m251.o(.text))
<BR>[Address Reference Count : 1]<UL><LI> startup_m251.o(RESET)
</UL>
<P><STRONG><a name="[3c]"></a>PSIO_IRQHandler</STRONG> (Thumb, 0 bytes, Stack size 0 bytes, startup_m251.o(.text))
<BR>[Address Reference Count : 1]<UL><LI> startup_m251.o(RESET)
</UL>
<P><STRONG><a name="[20]"></a>PWM0_P0_IRQHandler</STRONG> (Thumb, 0 bytes, Stack size 0 bytes, startup_m251.o(.text))
<BR>[Address Reference Count : 1]<UL><LI> startup_m251.o(RESET)
</UL>
<P><STRONG><a name="[21]"></a>PWM0_P1_IRQHandler</STRONG> (Thumb, 0 bytes, Stack size 0 bytes, startup_m251.o(.text))
<BR>[Address Reference Count : 1]<UL><LI> startup_m251.o(RESET)
</UL>
<P><STRONG><a name="[22]"></a>PWM0_P2_IRQHandler</STRONG> (Thumb, 0 bytes, Stack size 0 bytes, startup_m251.o(.text))
<BR>[Address Reference Count : 1]<UL><LI> startup_m251.o(RESET)
</UL>
<P><STRONG><a name="[24]"></a>PWM1_P0_IRQHandler</STRONG> (Thumb, 0 bytes, Stack size 0 bytes, startup_m251.o(.text))
<BR>[Address Reference Count : 1]<UL><LI> startup_m251.o(RESET)
</UL>
<P><STRONG><a name="[25]"></a>PWM1_P1_IRQHandler</STRONG> (Thumb, 0 bytes, Stack size 0 bytes, startup_m251.o(.text))
<BR>[Address Reference Count : 1]<UL><LI> startup_m251.o(RESET)
</UL>
<P><STRONG><a name="[26]"></a>PWM1_P2_IRQHandler</STRONG> (Thumb, 0 bytes, Stack size 0 bytes, startup_m251.o(.text))
<BR>[Address Reference Count : 1]<UL><LI> startup_m251.o(RESET)
</UL>
<P><STRONG><a name="[a]"></a>PWRWU_IRQHandler</STRONG> (Thumb, 0 bytes, Stack size 0 bytes, startup_m251.o(.text))
<BR>[Address Reference Count : 1]<UL><LI> startup_m251.o(RESET)
</UL>
<P><STRONG><a name="[1d]"></a>QSPI0_IRQHandler</STRONG> (Thumb, 0 bytes, Stack size 0 bytes, startup_m251.o(.text))
<BR>[Address Reference Count : 1]<UL><LI> startup_m251.o(RESET)
</UL>
<P><STRONG><a name="[d]"></a>RTC_IRQHandler</STRONG> (Thumb, 0 bytes, Stack size 0 bytes, startup_m251.o(.text))
<BR>[Address Reference Count : 1]<UL><LI> startup_m251.o(RESET)
</UL>
<P><STRONG><a name="[3d]"></a>SC0_IRQHandler</STRONG> (Thumb, 0 bytes, Stack size 0 bytes, startup_m251.o(.text))
<BR>[Address Reference Count : 1]<UL><LI> startup_m251.o(RESET)
</UL>
<P><STRONG><a name="[1e]"></a>SPI0_IRQHandler</STRONG> (Thumb, 0 bytes, Stack size 0 bytes, startup_m251.o(.text))
<BR>[Address Reference Count : 1]<UL><LI> startup_m251.o(RESET)
</UL>
<P><STRONG><a name="[e]"></a>TAMPER_IRQHandler</STRONG> (Thumb, 0 bytes, Stack size 0 bytes, startup_m251.o(.text))
<BR>[Address Reference Count : 1]<UL><LI> startup_m251.o(RESET)
</UL>
<P><STRONG><a name="[27]"></a>TMR0_IRQHandler</STRONG> (Thumb, 0 bytes, Stack size 0 bytes, startup_m251.o(.text))
<BR>[Address Reference Count : 1]<UL><LI> startup_m251.o(RESET)
</UL>
<P><STRONG><a name="[28]"></a>TMR1_IRQHandler</STRONG> (Thumb, 0 bytes, Stack size 0 bytes, startup_m251.o(.text))
<BR>[Address Reference Count : 1]<UL><LI> startup_m251.o(RESET)
</UL>
<P><STRONG><a name="[29]"></a>TMR2_IRQHandler</STRONG> (Thumb, 0 bytes, Stack size 0 bytes, startup_m251.o(.text))
<BR>[Address Reference Count : 1]<UL><LI> startup_m251.o(RESET)
</UL>
<P><STRONG><a name="[2a]"></a>TMR3_IRQHandler</STRONG> (Thumb, 0 bytes, Stack size 0 bytes, startup_m251.o(.text))
<BR>[Address Reference Count : 1]<UL><LI> startup_m251.o(RESET)
</UL>
<P><STRONG><a name="[2b]"></a>UART0_IRQHandler</STRONG> (Thumb, 0 bytes, Stack size 0 bytes, startup_m251.o(.text))
<BR>[Address Reference Count : 1]<UL><LI> startup_m251.o(RESET)
</UL>
<P><STRONG><a name="[2c]"></a>UART1_IRQHandler</STRONG> (Thumb, 0 bytes, Stack size 0 bytes, startup_m251.o(.text))
<BR>[Address Reference Count : 1]<UL><LI> startup_m251.o(RESET)
</UL>
<P><STRONG><a name="[37]"></a>UART2_IRQHandler</STRONG> (Thumb, 0 bytes, Stack size 0 bytes, startup_m251.o(.text))
<BR>[Address Reference Count : 1]<UL><LI> startup_m251.o(RESET)
</UL>
<P><STRONG><a name="[3a]"></a>USBD_IRQHandler</STRONG> (Thumb, 0 bytes, Stack size 0 bytes, startup_m251.o(.text))
<BR>[Address Reference Count : 1]<UL><LI> startup_m251.o(RESET)
</UL>
<P><STRONG><a name="[38]"></a>USCI0_IRQHandler</STRONG> (Thumb, 0 bytes, Stack size 0 bytes, startup_m251.o(.text))
<BR>[Address Reference Count : 1]<UL><LI> startup_m251.o(RESET)
</UL>
<P><STRONG><a name="[39]"></a>USCI1_IRQHandler</STRONG> (Thumb, 0 bytes, Stack size 0 bytes, startup_m251.o(.text))
<BR>[Address Reference Count : 1]<UL><LI> startup_m251.o(RESET)
</UL>
<P><STRONG><a name="[3e]"></a>USCI2_IRQHandler</STRONG> (Thumb, 0 bytes, Stack size 0 bytes, startup_m251.o(.text))
<BR>[Address Reference Count : 1]<UL><LI> startup_m251.o(RESET)
</UL>
<P><STRONG><a name="[f]"></a>WDT_IRQHandler</STRONG> (Thumb, 0 bytes, Stack size 0 bytes, startup_m251.o(.text))
<BR>[Address Reference Count : 1]<UL><LI> startup_m251.o(RESET)
</UL>
<P><STRONG><a name="[10]"></a>WWDT_IRQHandler</STRONG> (Thumb, 0 bytes, Stack size 0 bytes, startup_m251.o(.text))
<BR>[Address Reference Count : 1]<UL><LI> startup_m251.o(RESET)
</UL>
<P><STRONG><a name="[45]"></a>SH_DoCommand</STRONG> (Thumb, 10 bytes, Stack size 0 bytes, startup_m251.o(.text), UNUSED, KEPT)

<P><STRONG><a name="[46]"></a>__PC</STRONG> (Thumb, 6 bytes, Stack size 0 bytes, startup_m251.o(.text), UNUSED, KEPT)

<P><STRONG><a name="[48]"></a>__scatterload</STRONG> (Thumb, 28 bytes, Stack size 0 bytes, init.o(.text))
<BR><BR>[Calls]<UL><LI><a href="#[49]">&gt;&gt;</a>&nbsp;&nbsp;&nbsp;__main_after_scatterload
</UL>
<BR>[Called By]<UL><LI><a href="#[47]">&gt;&gt;</a>&nbsp;&nbsp;&nbsp;_main_scatterload
</UL>

<P><STRONG><a name="[5c]"></a>__scatterload_rt2</STRONG> (Thumb, 0 bytes, Stack size 0 bytes, init.o(.text), UNUSED)

<P><STRONG><a name="[52]"></a>CLK_EnableModuleClock</STRONG> (Thumb, 36 bytes, Stack size 0 bytes, clk.o(.text.CLK_EnableModuleClock))
<BR><BR>[Called By]<UL><LI><a href="#[40]">&gt;&gt;</a>&nbsp;&nbsp;&nbsp;main
</UL>

<P><STRONG><a name="[50]"></a>CLK_EnableXtalRC</STRONG> (Thumb, 16 bytes, Stack size 0 bytes, clk.o(.text.CLK_EnableXtalRC))
<BR><BR>[Called By]<UL><LI><a href="#[40]">&gt;&gt;</a>&nbsp;&nbsp;&nbsp;main
</UL>

<P><STRONG><a name="[4d]"></a>CLK_GetPLLClockFreq</STRONG> (Thumb, 88 bytes, Stack size 0 bytes, clk.o(.text.CLK_GetPLLClockFreq))
<BR><BR>[Called By]<UL><LI><a href="#[4b]">&gt;&gt;</a>&nbsp;&nbsp;&nbsp;SystemCoreClockUpdate
</UL>

<P><STRONG><a name="[4a]"></a>CLK_SetHCLK</STRONG> (Thumb, 84 bytes, Stack size 24 bytes, clk.o(.text.CLK_SetHCLK))
<BR><BR>[Stack]<UL><LI>Max Depth = 40<LI>Call Chain = CLK_SetHCLK &rArr; SystemCoreClockUpdate
</UL>
<BR>[Calls]<UL><LI><a href="#[4b]">&gt;&gt;</a>&nbsp;&nbsp;&nbsp;SystemCoreClockUpdate
</UL>
<BR>[Called By]<UL><LI><a href="#[40]">&gt;&gt;</a>&nbsp;&nbsp;&nbsp;main
</UL>

<P><STRONG><a name="[53]"></a>CLK_SetModuleClock</STRONG> (Thumb, 92 bytes, Stack size 16 bytes, clk.o(.text.CLK_SetModuleClock))
<BR><BR>[Stack]<UL><LI>Max Depth = 16<LI>Call Chain = CLK_SetModuleClock
</UL>
<BR>[Called By]<UL><LI><a href="#[40]">&gt;&gt;</a>&nbsp;&nbsp;&nbsp;main
</UL>

<P><STRONG><a name="[51]"></a>CLK_WaitClockReady</STRONG> (Thumb, 36 bytes, Stack size 16 bytes, clk.o(.text.CLK_WaitClockReady))
<BR><BR>[Stack]<UL><LI>Max Depth = 16<LI>Call Chain = CLK_WaitClockReady
</UL>
<BR>[Called By]<UL><LI><a href="#[40]">&gt;&gt;</a>&nbsp;&nbsp;&nbsp;main
</UL>

<P><STRONG><a name="[55]"></a>FMC_Open</STRONG> (Thumb, 16 bytes, Stack size 0 bytes, fmc.o(.text.FMC_Open))
<BR><BR>[Called By]<UL><LI><a href="#[40]">&gt;&gt;</a>&nbsp;&nbsp;&nbsp;main
</UL>

<P><STRONG><a name="[4]"></a>GetChar</STRONG> (Thumb, 20 bytes, Stack size 0 bytes, retarget.o(.text.GetChar))
<BR>[Address Reference Count : 1]<UL><LI> startup_m251.o(RESET)
</UL>
<P><STRONG><a name="[43]"></a>ProcessHardFault</STRONG> (Thumb, 64 bytes, Stack size 8 bytes, retarget.o(.text.ProcessHardFault))
<BR><BR>[Stack]<UL><LI>Max Depth = 24<LI>Call Chain = ProcessHardFault &rArr; puts &rArr; fputc
</UL>
<BR>[Calls]<UL><LI><a href="#[4c]">&gt;&gt;</a>&nbsp;&nbsp;&nbsp;puts
</UL>
<BR>[Address Reference Count : 1]<UL><LI> startup_m251.o(.text)
</UL>
<P><STRONG><a name="[44]"></a>SH_Return</STRONG> (Thumb, 4 bytes, Stack size 0 bytes, retarget.o(.text.SH_Return))
<BR>[Address Reference Count : 1]<UL><LI> startup_m251.o(.text)
</UL>
<P><STRONG><a name="[4f]"></a>SendChar</STRONG> (Thumb, 36 bytes, Stack size 0 bytes, retarget.o(.text.SendChar))
<BR><BR>[Called By]<UL><LI><a href="#[4e]">&gt;&gt;</a>&nbsp;&nbsp;&nbsp;fputc
</UL>

<P><STRONG><a name="[3]"></a>SendChar_ToUART</STRONG> (Thumb, 36 bytes, Stack size 0 bytes, retarget.o(.text.SendChar_ToUART))
<BR>[Address Reference Count : 1]<UL><LI> startup_m251.o(RESET)
</UL>
<P><STRONG><a name="[4b]"></a>SystemCoreClockUpdate</STRONG> (Thumb, 88 bytes, Stack size 16 bytes, system_m251.o(.text.SystemCoreClockUpdate))
<BR><BR>[Stack]<UL><LI>Max Depth = 16<LI>Call Chain = SystemCoreClockUpdate
</UL>
<BR>[Calls]<UL><LI><a href="#[4d]">&gt;&gt;</a>&nbsp;&nbsp;&nbsp;CLK_GetPLLClockFreq
</UL>
<BR>[Called By]<UL><LI><a href="#[4a]">&gt;&gt;</a>&nbsp;&nbsp;&nbsp;CLK_SetHCLK
</UL>

<P><STRONG><a name="[41]"></a>SystemInit</STRONG> (Thumb, 36 bytes, Stack size 0 bytes, system_m251.o(.text.SystemInit))
<BR>[Address Reference Count : 1]<UL><LI> startup_m251.o(.text)
</UL>
<P><STRONG><a name="[54]"></a>Uart0DefaultMPF</STRONG> (Thumb, 40 bytes, Stack size 8 bytes, system_m251.o(.text.Uart0DefaultMPF))
<BR><BR>[Stack]<UL><LI>Max Depth = 8<LI>Call Chain = Uart0DefaultMPF
</UL>
<BR>[Called By]<UL><LI><a href="#[40]">&gt;&gt;</a>&nbsp;&nbsp;&nbsp;main
</UL>

<P><STRONG><a name="[4e]"></a>fputc</STRONG> (Thumb, 12 bytes, Stack size 8 bytes, retarget.o(.text.fputc))
<BR><BR>[Stack]<UL><LI>Max Depth = 8<LI>Call Chain = fputc
</UL>
<BR>[Calls]<UL><LI><a href="#[4f]">&gt;&gt;</a>&nbsp;&nbsp;&nbsp;SendChar
</UL>
<BR>[Called By]<UL><LI><a href="#[4c]">&gt;&gt;</a>&nbsp;&nbsp;&nbsp;puts
</UL>

<P><STRONG><a name="[40]"></a>main</STRONG> (Thumb, 464 bytes, Stack size 24 bytes, ldrom_iap.o(.text.main))
<BR><BR>[Stack]<UL><LI>Max Depth = 64<LI>Call Chain = main &rArr; CLK_SetHCLK &rArr; SystemCoreClockUpdate
</UL>
<BR>[Calls]<UL><LI><a href="#[55]">&gt;&gt;</a>&nbsp;&nbsp;&nbsp;FMC_Open
<LI><a href="#[51]">&gt;&gt;</a>&nbsp;&nbsp;&nbsp;CLK_WaitClockReady
<LI><a href="#[53]">&gt;&gt;</a>&nbsp;&nbsp;&nbsp;CLK_SetModuleClock
<LI><a href="#[4a]">&gt;&gt;</a>&nbsp;&nbsp;&nbsp;CLK_SetHCLK
<LI><a href="#[50]">&gt;&gt;</a>&nbsp;&nbsp;&nbsp;CLK_EnableXtalRC
<LI><a href="#[52]">&gt;&gt;</a>&nbsp;&nbsp;&nbsp;CLK_EnableModuleClock
<LI><a href="#[54]">&gt;&gt;</a>&nbsp;&nbsp;&nbsp;Uart0DefaultMPF
</UL>
<BR>[Address Reference Count : 1]<UL><LI> entry9a.o(.ARM.Collect$$$$0000000B)
</UL>
<P><STRONG><a name="[5d]"></a>__scatterload_copy</STRONG> (Thumb, 14 bytes, Stack size unknown bytes, handlers.o(i.__scatterload_copy), UNUSED)

<P><STRONG><a name="[5e]"></a>__scatterload_null</STRONG> (Thumb, 2 bytes, Stack size unknown bytes, handlers.o(i.__scatterload_null), UNUSED)

<P><STRONG><a name="[5f]"></a>__scatterload_zeroinit</STRONG> (Thumb, 14 bytes, Stack size unknown bytes, handlers.o(i.__scatterload_zeroinit), UNUSED)

<P><STRONG><a name="[4c]"></a>puts</STRONG> (Thumb, 28 bytes, Stack size 8 bytes, puts.o(i.puts))
<BR><BR>[Stack]<UL><LI>Max Depth = 16<LI>Call Chain = puts &rArr; fputc
</UL>
<BR>[Calls]<UL><LI><a href="#[4e]">&gt;&gt;</a>&nbsp;&nbsp;&nbsp;fputc
</UL>
<BR>[Called By]<UL><LI><a href="#[43]">&gt;&gt;</a>&nbsp;&nbsp;&nbsp;ProcessHardFault
</UL>
<P>
<H3>
Local Symbols
</H3><P>
<H3>
Undefined Global Symbols
</H3><HR></body></html>
