<html>
<body>
<pre>
<h1>µVision Build Log</h1>
<h2>Tool Versions:</h2>
IDE-Version: £gVision V5.28.0.0
Copyright (C) 2019 ARM Ltd and ARM Germany GmbH. All rights reserved.
License Information: 123 Microsoft, Microsoft, LIC=LSNX7-EHMU3-LQ00Q-N2GL8-X3RTJ-0KM6A
 
Tool Versions:
Toolchain:       MDK-ARM Plus  Version: 5.28.0.0
Toolchain Path:  C:\Keil_v5\ARM\ARMCLANG\Bin
C Compiler:      ArmClang.exe V6.12
Assembler:       Armasm.exe V6.12
Linker/Locator:  ArmLink.exe V6.12
Library Manager: ArmAr.exe V6.12
Hex Converter:   FromElf.exe V6.12
CPU DLL:         
Dialog DLL:      
Target DLL:      NULink\Nu_Link.dll V3.00
Dialog DLL:      TCM.DLL V1.36.2.0
 
<h2>Project:</h2>
C:\Nuvonton_Data\M0L51(TC8237)\BSP_M251\bsp\SampleCode\StdDriver\FMC_IAP\KEIL\fmc_ap_main.uvprojx
Project File Date:  06/08/2020

<h2>Output:</h2>
*** Using Compiler 'V6.12', folder: 'C:\Keil_v5\ARM\ARMCLANG\Bin'
Build target 'fmc_ap_main'
assembling startup_M251.s...
compiling system_M251.c...
creating preprocessor file for system_M251.c...
assembling ap_image.s...
creating preprocessor file for aprom_main.c...
compiling aprom_main.c...
creating preprocessor file for retarget.c...
compiling retarget.c...
creating preprocessor file for clk.c...
compiling clk.c...
creating preprocessor file for uart.c...
creating preprocessor file for sys.c...
compiling uart.c...
compiling sys.c...
creating preprocessor file for fmc.c...
compiling fmc.c...
linking...
Program Size: Code=4032 RO-data=2972 RW-data=16 ZI-data=2216  
After Build - User command #1: fromelf --bin ".\obj\fmc_ap_main.axf" --output ".\obj\fmc_ap_main.bin"
After Build - User command #2: fromelf --text -c ".\obj\fmc_ap_main.axf" --output ".\obj\fmc_ap_main.txt"
".\obj\fmc_ap_main.axf" - 0 Error(s), 0 Warning(s).

<h2>Software Packages used:</h2>

Package Vendor: Nuvoton
                http://www.nuvoton.com/hq/enu/Documents/KEILSoftwarePack/Nuvoton.NuMicro_DFP.1.3.3.pack
                Nuvoton.NuMicro_DFP.1.3.3
                Nuvoton ARM Cortex-M NuMicro Family Device Support

<h2>Collection of Component include folders:</h2>
  .\RTE\_fmc_ap_main
  C:\Keil_v5\ARM\PACK\Nuvoton\NuMicro_DFP\1.3.3\Device\M251\Include

<h2>Collection of Component Files used:</h2>
Build Time Elapsed:  00:00:11
</pre>
</body>
</html>
