<html>
<body>
<pre>
<h1>µVision Build Log</h1>
<h2>Tool Versions:</h2>
IDE-Version: £gVision V5.24.0.0
Copyright (C) 2017 ARM Ltd and ARM Germany GmbH. All rights reserved.
License Information: 123 Microsoft Microsoft Flex license: MDK-ARM Plus: 5 user(s) (mdk_plus) Support: Nov 2017
 
Tool Versions:
Toolchain:       MDK-ARM Plus: 5 user(s)  Version: 5.24.0.0
Toolchain Path:  C:\Keil_v5\ARM\ARMCLANG\Bin
C Compiler:      ArmClang.exe V6.7
Assembler:       Armasm.exe V6.7
Linker/Locator:  ArmLink.exe V6.7
Library Manager: ArmAr.exe V6.7
Hex Converter:   FromElf.exe V6.7
CPU DLL:         
Dialog DLL:      
Target DLL:      Nu_Link.dll V2.03
Dialog DLL:      TCM.DLL V1.32.0.0
 
<h2>Project:</h2>
C:\Nuvonton_Data\M0L51(TC8237)\BSP_M252\BSP\bsp\SampleCode\StdDriver\FMC_IAP\KEIL\fmc_ld_main.uvprojx
Project File Date:  03/21/2018

<h2>Output:</h2>
*** Using Compiler 'V6.7', folder: 'C:\Keil_v5\ARM\ARMCLANG\Bin'
Rebuild target 'LDROM_code'
creating preprocessor file for system_M251.c...
assembling startup_M251.s...
creating preprocessor file for LDROM_iap.c...
compiling system_M251.c...
creating preprocessor file for retarget.c...
compiling LDROM_iap.c...
creating preprocessor file for clk.c...
compiling retarget.c...
creating preprocessor file for uart.c...
compiling clk.c...
creating preprocessor file for sys.c...
compiling uart.c...
creating preprocessor file for fmc.c...
compiling sys.c...
compiling fmc.c...
linking...
Program Size: Code=2612 RO-data=492 RW-data=12 ZI-data=2136  
After Build - User command #1: fromelf --bin ".\obj\LDROM_code.axf" --output ".\obj\LDROM_code.bin"
After Build - User command #2: fromelf --text -c ".\obj\LDROM_code.axf" --output ".\obj\LDROM_code.txt"
".\obj\LDROM_code.axf" - 0 Error(s), 0 Warning(s).

<h2>Collection of Component include folders:</h2>
  .\RTE\_LDROM_code
  C:\Keil_v5\ARM\PACK\ARM\CMSIS\5.0.1\Device\ARM\ARMCM23\Include

<h2>Collection of Component Files used:</h2>
Build Time Elapsed:  00:00:04
</pre>
</body>
</html>
